// Jest Snapshot v1, https://goo.gl/fbAQLP

exports[`CreateCourse: entering details matches snapshot 1`] = `
<form
  className=""
>
  <i
    className="tutor-icon best-practices"
  />
  <p
    className="explain"
  >
    If you teach multiple sections of the same course, include all sections below. You can add or remove sections later.
  </p>
  <div
    className="course-details-sections form-group"
  >
    <label
      className="form-label"
      htmlFor="number-sections"
    >
      <div
        className="input-group"
      >
        <div
          className="input-group-prepend"
        >
          Number of sections
          <p
            className="course-details-explain"
          >
            in this course
          </p>
        </div>
        <input
          className="form-control"
          defaultValue={1}
          id="number-sections"
          min="1"
          onChange={[Function]}
          type="number"
        />
      </div>
    </label>
  </div>
  <div
    className="course-details-numbers form-group"
  >
    <label
      className="form-label"
      htmlFor="number-students"
    >
      <div
        className="input-group"
      >
        <div
          className="input-group-prepend"
        >
          Estimated number of students
          <p
            className="course-details-explain"
          >
            in this course
          </p>
        </div>
        <input
          className="form-control"
          defaultValue=""
          id="number-students"
          min="1"
          onChange={[Function]}
          type="number"
        />
      </div>
    </label>
  </div>
</form>
`;
