// Jest Snapshot v1, https://goo.gl/fbAQLP

exports[`_class3 renders and matches snapshot 1`] = `
<a
  aria-label="Browse course reference book"
  className="browse-the-book btn btn-default"
  href="/book/1/section/1.2"
  onClick={[Function]}
  target="_blank"
>
  Browse the Book
</a>
`;
