// Jest Snapshot v1, https://goo.gl/fbAQLP

exports[`Reference Book Component renders page html that matches snapshot 1`] = `"<div class=\\"reference-book menu-on-top\\"><div class=\\"openstax-debug-content\\"><div class=\\"obscured-page\\"><div class=\\"page obscured-page__Page-c4o3c2-1 eeKcmC\\"><div class=\\"content\\"><div class=\\"book-menu ontop\\"><ul class=\\"section\\" data-depth=\\"1\\"><li data-section=\\"1\\"><a tabindex=\\"-1\\" class=\\"\\"><span class=\\"section-number\\">1</span>Kinematics</a></li><li data-section=\\"1.1\\"><ul class=\\"section\\" data-depth=\\"2\\"><li data-section=\\"1.1\\"><a tabindex=\\"-1\\" class=\\"\\"><span class=\\"section-number\\">1.1</span>Kinematics in 1 dim</a></li></ul></li><li data-section=\\"1.2\\"><ul class=\\"section\\" data-depth=\\"2\\"><li data-section=\\"1.2\\"><a tabindex=\\"-1\\" class=\\"\\"><span class=\\"section-number\\">1.2</span>Kinematics in 2 dim</a></li></ul></li><li data-section=\\"1.3\\"><ul class=\\"section\\" data-depth=\\"2\\"><li data-section=\\"1.3\\"><a tabindex=\\"-1\\" class=\\"\\"><span class=\\"section-number\\">1.3</span>Kinematics in 3 dim</a></li></ul></li></ul><ul class=\\"section\\" data-depth=\\"1\\"><li data-section=\\"2\\"><a tabindex=\\"-1\\" class=\\"\\"><span class=\\"section-number\\">2</span>Mechanics</a></li><li data-section=\\"2.1\\"><ul class=\\"section\\" data-depth=\\"2\\"><li data-section=\\"2.1\\"><a tabindex=\\"-1\\" class=\\"active\\"><span class=\\"section-number\\">2.1</span>Mechanics in 1 dim</a></li></ul></li><li data-section=\\"2.2\\"><ul class=\\"section\\" data-depth=\\"2\\"><li data-section=\\"2.2\\"><a tabindex=\\"-1\\" class=\\"\\"><span class=\\"section-number\\">2.2</span>Mechanics in 2 dim</a></li></ul></li><li data-section=\\"2.3\\"><ul class=\\"section\\" data-depth=\\"2\\"><li data-section=\\"2.3\\"><a tabindex=\\"-1\\" class=\\"\\"><span class=\\"section-number\\">2.3</span>Mechanics in 3 dim</a></li></ul></li></ul><ul class=\\"section\\" data-depth=\\"1\\"><li data-section=\\"3\\"><a tabindex=\\"-1\\" class=\\"\\"><span class=\\"section-number\\">3</span>Thermodynamics</a></li><li data-section=\\"3.1\\"><ul class=\\"section\\" data-depth=\\"2\\"><li data-section=\\"3.1\\"><a tabindex=\\"-1\\" class=\\"\\"><span class=\\"section-number\\">3.1</span>Thermodynamics in 1 dim</a></li></ul></li><li data-section=\\"3.2\\"><ul class=\\"section\\" data-depth=\\"2\\"><li data-section=\\"3.2\\"><a tabindex=\\"-1\\" class=\\"\\"><span class=\\"section-number\\">3.2</span>Thermodynamics in 2 dim</a></li></ul></li><li data-section=\\"3.2\\"><ul class=\\"section\\" data-depth=\\"2\\"><li data-section=\\"3.2\\"><a tabindex=\\"-1\\" class=\\"\\"><span class=\\"section-number\\">3.2</span>Thermodynamics in 3 dim</a></li></ul></li></ul></div><div class=\\"tutor-paging-navigation book-page-wrapper\\"><a href=\\"#\\" target=\\"_blank\\" tabindex=\\"0\\" title=\\"Go Back\\" aria-controls=\\"paged-content\\" class=\\"paging-control prev\\"><div class=\\"arrow-wrapper\\"><svg class=\\"icon arrow left\\" version=\\"1.1\\" xmlns=\\"http://www.w3.org/2000/svg\\" x=\\"0px\\" y=\\"0px\\" viewBox=\\"0 0 370 735\\"><path d=\\"M369.225,658.604l0,76.396l-369.225,-369.225l0.3,-0.3l368.925,-365.475l0,77.168l-291.449,290.332l291.449,291.104Z\\"></path></svg></div></a><div tabindex=\\"0\\" role=\\"region\\" aria-live=\\"polite\\" id=\\"paged-content\\" class=\\"paged-content\\"><div class=\\"book-page\\"><div class=\\"page center-panel\\"><h4 class=\\"related-content\\"><span class=\\"part\\"><span class=\\"section\\">2.1 </span><span class=\\"title\\">Mechanics in 1 dim</span></span></h4><div class=\\"openstax-has-html book-content\\"></div></div><div class=\\"visible-when-debugging ecosystem-info\\">PageId: 1e58aa87-2e09-40a7-8bf3-269b2fa16511, Ecosystem: </div></div></div><a href=\\"#\\" tabindex=\\"0\\" title=\\"Go Forward\\" aria-controls=\\"paged-content\\" class=\\"paging-control next\\"><div class=\\"arrow-wrapper\\"><svg class=\\"icon arrow right\\" version=\\"1.1\\" xmlns=\\"http://www.w3.org/2000/svg\\" x=\\"0px\\" y=\\"0px\\" viewBox=\\"0 0 370 735\\"><path d=\\"M0,658.604l0,76.396l369.225,-369.225l-0.3,-0.3l-368.925,-365.475l0,77.168l291.449,290.332l-291.449,291.104Z\\"></path></svg></div></a></div></div></div><div class=\\"overlay obscured-page__Overlay-c4o3c2-0 eitCT\\"></div></div><a href=\\"#spy\\" tabindex=\\"-1\\" class=\\"debug-toggle-link\\" aria-hidden=\\"true\\">Ï€</a></div></div>"`;
