// Jest Snapshot v1, https://goo.gl/fbAQLP

exports[`pay now or later modal renders and matches snapshot 1`] = `
<div
  className="onboarding-nag pay-now-or-later"
>
  <div
    className="body"
  >
    <button
      className="now btn btn-primary"
      disabled={false}
      onClick={[Function]}
      type="button"
    >
      Buy access now
    </button>
    <p>
      You may request a refund within 14 days of purchasing
    </p>
    <div
      className="or"
    >
      or
    </div>
    <button
      className="later btn btn-primary"
      disabled={false}
      onClick={[Function]}
      type="button"
    >
      Try free for 14 days
    </button>
    <p>
      You can enter payment info anytime
    </p>
  </div>
</div>
`;
