// Jest Snapshot v1, https://goo.gl/fbAQLP

exports[`Preview Only Warning renders and matches snapshot 1`] = `
<div
  className="onboarding-nag only-preview"
>
  <div
    className="heading"
  >
    Remember -- this is just a preview course!
  </div>
  <div
    className="body"
  >
    If you’re ready to create real assignments your students can see, create your real course now. It’s free for you and students will pay 
    $10
     per course per semester.
  </div>
  <div
    className="footer"
  >
    <button
      className="create btn btn-primary"
      disabled={false}
      onClick={[Function]}
      type="button"
    >
      Create a course
    </button>
    <button
      className="continue btn btn-primary"
      disabled={false}
      onClick={[Function]}
      type="button"
    >
      Stay in Preview course
    </button>
  </div>
</div>
`;
