// Jest Snapshot v1, https://goo.gl/fbAQLP

exports[`Second Session Warning renders and matches snapshot 1`] = `
<div
  className="onboarding-nag second-session-prompt"
>
  <div
    className="body"
  >
    Ready to create your real course? Itâ€™s free for you and students will pay 
    $10
     per course.
  </div>
  <div
    className="footer"
  >
    <button
      className="create btn btn-primary"
      disabled={false}
      onClick={[Function]}
      type="button"
    >
      Create your course
    </button>
    <button
      className="ask-later btn btn-primary"
      disabled={false}
      onClick={[Function]}
      type="button"
    >
      Ask me later
    </button>
  </div>
</div>
`;
