// Jest Snapshot v1, https://goo.gl/fbAQLP

exports[`Select Topics matches snapshot 1`] = `
<div
  className="undefined-plan-select-topics"
  data-tour-region-id="add-undefined-choose-sections"
>
  <div
    className="dialog default-dialog select-topics panel panel-default"
    id={undefined}
  >
    <div
      className="panel-heading"
    >
      Section Chooser Header
      <button
        className="openstax-close-x close"
        onClick={[Function]}
      />
    </div>
    <div
      className="panel-body"
    >
      <div
        className="select-chapters"
      >
        <div
          className="sections-chooser"
        >
          <div
            className="panel-group"
            role="tablist"
          >
            <div
              className="panel panel-default"
              id={null}
            >
              <div
                className="panel-heading"
              >
                <div
                  className="chapter-heading panel-title"
                  data-chapter-section={1}
                >
                  <a
                    aria-controls={undefined}
                    aria-expanded={true}
                    aria-selected={true}
                    className={null}
                    href={undefined}
                    onClick={[Function]}
                    role="tab"
                  >
                    <span
                      className="chapter-checkbox"
                    >
                      <span
                        className="tri-state-checkbox unchecked"
                        onClick={[Function]}
                        tabIndex={1}
                      >
                        <i
                          className="tutor-icon fa fa-square-o clickable"
                          onClick={[Function]}
                          role="button"
                          style={
                            Object {
                              "cursor": "pointer",
                            }
                          }
                          type="square-o"
                        />
                      </span>
                    </span>
                    <span
                      className="chapter-number"
                    >
                      Chapter 
                      <span
                        className="chapter-section"
                        data-chapter-section="1"
                      >
                        1
                      </span>
                       - 
                    </span>
                    <span
                      className="chapter-title"
                    >
                       
                      Kinematics
                       
                    </span>
                    <div
                      aria-label="Browse course reference book"
                      className="browse-the-book"
                      onClick={[Function]}
                      role="link"
                    >
                      Browse this Chapter
                    </div>
                  </a>
                </div>
              </div>
              <div
                aria-expanded={null}
                aria-hidden={false}
                className="panel-collapse collapse in"
                id={undefined}
                role="tabpanel"
              >
                <div
                  className="panel-body"
                >
                  <div
                    className="section"
                    data-page-id="234"
                    onClick={[Function]}
                  >
                    <span
                      className="section-checkbox"
                    >
                      <input
                        checked={false}
                        readOnly={true}
                        type="checkbox"
                      />
                    </span>
                    <span
                      className="chapter-section"
                      data-chapter-section="1.1"
                    >
                      1.1
                    </span>
                    <span
                      className="section-title"
                    >
                       
                      Kinematics in 1 dim
                    </span>
                  </div>
                  <div
                    className="section"
                    data-page-id="235"
                    onClick={[Function]}
                  >
                    <span
                      className="section-checkbox"
                    >
                      <input
                        checked={false}
                        readOnly={true}
                        type="checkbox"
                      />
                    </span>
                    <span
                      className="chapter-section"
                      data-chapter-section="1.2"
                    >
                      1.2
                    </span>
                    <span
                      className="section-title"
                    >
                       
                      Kinematics in 2 dim
                    </span>
                  </div>
                  <div
                    className="section"
                    data-page-id="236"
                    onClick={[Function]}
                  >
                    <span
                      className="section-checkbox"
                    >
                      <input
                        checked={false}
                        readOnly={true}
                        type="checkbox"
                      />
                    </span>
                    <span
                      className="chapter-section"
                      data-chapter-section="1.3"
                    >
                      1.3
                    </span>
                    <span
                      className="section-title"
                    >
                       
                      Kinematics in 3 dim
                    </span>
                  </div>
                </div>
              </div>
            </div>
          </div>
          <div
            className="panel-group"
            role="tablist"
          >
            <div
              className="panel panel-default"
              id={null}
            >
              <div
                className="panel-heading"
              >
                <div
                  className="chapter-heading panel-title"
                  data-chapter-section={2}
                >
                  <a
                    aria-controls={undefined}
                    aria-expanded={false}
                    aria-selected={false}
                    className="collapsed"
                    href={undefined}
                    onClick={[Function]}
                    role="tab"
                  >
                    <span
                      className="chapter-checkbox"
                    >
                      <span
                        className="tri-state-checkbox unchecked"
                        onClick={[Function]}
                        tabIndex={1}
                      >
                        <i
                          className="tutor-icon fa fa-square-o clickable"
                          onClick={[Function]}
                          role="button"
                          style={
                            Object {
                              "cursor": "pointer",
                            }
                          }
                          type="square-o"
                        />
                      </span>
                    </span>
                    <span
                      className="chapter-number"
                    >
                      Chapter 
                      <span
                        className="chapter-section"
                        data-chapter-section="2"
                      >
                        2
                      </span>
                       - 
                    </span>
                    <span
                      className="chapter-title"
                    >
                       
                      Mechanics
                       
                    </span>
                    <div
                      aria-label="Browse course reference book"
                      className="browse-the-book"
                      onClick={[Function]}
                      role="link"
                    >
                      Browse this Chapter
                    </div>
                  </a>
                </div>
              </div>
              <div
                aria-expanded={null}
                aria-hidden={true}
                className="panel-collapse collapse"
                id={undefined}
                role="tabpanel"
              >
                <div
                  className="panel-body"
                >
                  <div
                    className="section"
                    data-page-id="237"
                    onClick={[Function]}
                  >
                    <span
                      className="section-checkbox"
                    >
                      <input
                        checked={false}
                        readOnly={true}
                        type="checkbox"
                      />
                    </span>
                    <span
                      className="chapter-section"
                      data-chapter-section="2.1"
                    >
                      2.1
                    </span>
                    <span
                      className="section-title"
                    >
                       
                      Mechanics in 1 dim
                    </span>
                  </div>
                  <div
                    className="section"
                    data-page-id="238"
                    onClick={[Function]}
                  >
                    <span
                      className="section-checkbox"
                    >
                      <input
                        checked={false}
                        readOnly={true}
                        type="checkbox"
                      />
                    </span>
                    <span
                      className="chapter-section"
                      data-chapter-section="2.2"
                    >
                      2.2
                    </span>
                    <span
                      className="section-title"
                    >
                       
                      Mechanics in 2 dim
                    </span>
                  </div>
                  <div
                    className="section"
                    data-page-id="239"
                    onClick={[Function]}
                  >
                    <span
                      className="section-checkbox"
                    >
                      <input
                        checked={false}
                        readOnly={true}
                        type="checkbox"
                      />
                    </span>
                    <span
                      className="chapter-section"
                      data-chapter-section="2.3"
                    >
                      2.3
                    </span>
                    <span
                      className="section-title"
                    >
                       
                      Mechanics in 3 dim
                    </span>
                  </div>
                </div>
              </div>
            </div>
          </div>
          <div
            className="panel-group"
            role="tablist"
          >
            <div
              className="panel panel-default"
              id={null}
            >
              <div
                className="panel-heading"
              >
                <div
                  className="chapter-heading panel-title"
                  data-chapter-section={3}
                >
                  <a
                    aria-controls={undefined}
                    aria-expanded={false}
                    aria-selected={false}
                    className="collapsed"
                    href={undefined}
                    onClick={[Function]}
                    role="tab"
                  >
                    <span
                      className="chapter-checkbox"
                    >
                      <span
                        className="tri-state-checkbox unchecked"
                        onClick={[Function]}
                        tabIndex={1}
                      >
                        <i
                          className="tutor-icon fa fa-square-o clickable"
                          onClick={[Function]}
                          role="button"
                          style={
                            Object {
                              "cursor": "pointer",
                            }
                          }
                          type="square-o"
                        />
                      </span>
                    </span>
                    <span
                      className="chapter-number"
                    >
                      Chapter 
                      <span
                        className="chapter-section"
                        data-chapter-section="3"
                      >
                        3
                      </span>
                       - 
                    </span>
                    <span
                      className="chapter-title"
                    >
                       
                      Thermodynamics
                       
                    </span>
                    <div
                      aria-label="Browse course reference book"
                      className="browse-the-book"
                      onClick={[Function]}
                      role="link"
                    >
                      Browse this Chapter
                    </div>
                  </a>
                </div>
              </div>
              <div
                aria-expanded={null}
                aria-hidden={true}
                className="panel-collapse collapse"
                id={undefined}
                role="tabpanel"
              >
                <div
                  className="panel-body"
                >
                  <div
                    className="section"
                    data-page-id="240"
                    onClick={[Function]}
                  >
                    <span
                      className="section-checkbox"
                    >
                      <input
                        checked={false}
                        readOnly={true}
                        type="checkbox"
                      />
                    </span>
                    <span
                      className="chapter-section"
                      data-chapter-section="3.1"
                    >
                      3.1
                    </span>
                    <span
                      className="section-title"
                    >
                       
                      Thermodynamics in 1 dim
                    </span>
                  </div>
                  <div
                    className="section"
                    data-page-id="241"
                    onClick={[Function]}
                  >
                    <span
                      className="section-checkbox"
                    >
                      <input
                        checked={false}
                        readOnly={true}
                        type="checkbox"
                      />
                    </span>
                    <span
                      className="chapter-section"
                      data-chapter-section="3.2"
                    >
                      3.2
                    </span>
                    <span
                      className="section-title"
                    >
                       
                      Thermodynamics in 2 dim
                    </span>
                  </div>
                  <div
                    className="section"
                    data-page-id="242"
                    onClick={[Function]}
                  >
                    <span
                      className="section-checkbox"
                    >
                      <input
                        checked={false}
                        readOnly={true}
                        type="checkbox"
                      />
                    </span>
                    <span
                      className="chapter-section"
                      data-chapter-section="3.2"
                    >
                      3.2
                    </span>
                    <span
                      className="section-title"
                    >
                       
                      Thermodynamics in 3 dim
                    </span>
                  </div>
                </div>
              </div>
            </div>
          </div>
        </div>
      </div>
    </div>
    <div
      className="panel-footer"
    >
      <button
        className="btn btn-default"
        disabled={false}
        onClick={[Function]}
        type="button"
      >
        Cancel
      </button>
    </div>
  </div>
</div>
`;
