// Jest Snapshot v1, https://goo.gl/fbAQLP

exports[`Task Teacher Review: Breadcrumbs renders and matches snapshot 1`] = `
<div
  className="task-breadcrumbs"
>
  <span
    aria-label="step 1.1"
    className="openstax-breadcrumbs-step icon-stack icon-lg breadcrumb-undefined"
    data-chapter="1.1"
    onClick={[Function]}
    title="step 1.1"
  >
    <i
      className="icon-lg icon-undefined"
    />
  </span>
  <span
    aria-label="step 1.2"
    className="openstax-breadcrumbs-step icon-stack icon-lg breadcrumb-undefined"
    data-chapter="1.2"
    onClick={[Function]}
    title="step 1.2"
  >
    <i
      className="icon-lg icon-undefined"
    />
  </span>
  <span
    aria-label="step 1.3"
    className="openstax-breadcrumbs-step icon-stack icon-lg breadcrumb-undefined"
    data-chapter="1.3"
    onClick={[Function]}
    title="step 1.3"
  >
    <i
      className="icon-lg icon-undefined"
    />
  </span>
  <span
    aria-label="step 1.4"
    className="openstax-breadcrumbs-step icon-stack icon-lg breadcrumb-undefined"
    data-chapter="1.4"
    onClick={[Function]}
    title="step 1.4"
  >
    <i
      className="icon-lg icon-undefined"
    />
  </span>
  <span
    aria-label="step 1.5"
    className="openstax-breadcrumbs-step icon-stack icon-lg breadcrumb-undefined"
    data-chapter="1.5"
    onClick={[Function]}
    title="step 1.5"
  >
    <i
      className="icon-lg icon-undefined"
    />
  </span>
  <span
    aria-label="step 1.6"
    className="openstax-breadcrumbs-step icon-stack icon-lg breadcrumb-undefined"
    data-chapter="1.6"
    onClick={[Function]}
    title="step 1.6"
  >
    <i
      className="icon-lg icon-undefined"
    />
  </span>
  <span
    aria-label="step 1.7"
    className="openstax-breadcrumbs-step icon-stack icon-lg breadcrumb-undefined"
    data-chapter="1.7"
    onClick={[Function]}
    title="step 1.7"
  >
    <i
      className="icon-lg icon-undefined"
    />
  </span>
  <span
    aria-label="step 1.8"
    className="openstax-breadcrumbs-step icon-stack icon-lg breadcrumb-undefined"
    data-chapter="1.8"
    onClick={[Function]}
    title="step 1.8"
  >
    <i
      className="icon-lg icon-undefined"
    />
  </span>
  <span
    aria-label="step 1.9"
    className="openstax-breadcrumbs-step icon-stack icon-lg breadcrumb-undefined"
    data-chapter="1.9"
    onClick={[Function]}
    title="step 1.9"
  >
    <i
      className="icon-lg icon-undefined"
    />
  </span>
  <span
    aria-label="step 1.10"
    className="openstax-breadcrumbs-step icon-stack icon-lg breadcrumb-undefined"
    data-chapter="1.10"
    onClick={[Function]}
    title="step 1.10"
  >
    <i
      className="icon-lg icon-undefined"
    />
  </span>
  <a
    className="btn btn-default"
    href="/bread"
    onClick={[Function]}
  >
    Back to Calendar
  </a>
  <div
    className="task-title"
  />
</div>
`;
