// Jest Snapshot v1, https://goo.gl/fbAQLP

exports[`Notifications MissingStudentId notice renders and matches snapshot 1`] = `
<div
  className="notification course-has-ended"
>
  <span
    className="body"
  >
    <i
      className="icon fa fa-info-circle"
    />
    <span>
      This course has ended.
    </span>
    <a
      className="action"
      onClick={[Function]}
    >
          Click to enroll in second semester    
    </a>
  </span>
</div>
`;
