// Jest Snapshot v1, https://goo.gl/fbAQLP

exports[`Annotations renders and matches snapshot 1`] = `
<div
  className="annotater"
>
  <div
    className="slide-out-edit-box closed"
  />
  <div
    className="status-message-toast info"
  >
    <i
      className="tutor-icon fa fa-info-circle"
      role="presentation"
      type="info-circle"
    />
     
    Waiting for page to finish loadingâ€¦
  </div>
</div>
`;
