// Jest Snapshot v1, https://goo.gl/fbAQLP

exports[`EventsPanel renders with events 1`] = `Object {}`;
