// Jest Snapshot v1, https://goo.gl/fbAQLP

exports[`Homework Row renders with completed count 1`] = `
<a
  aria-label="Work on homework: turn-key leverage content"
  className="task row homework workable"
  data-event-id={1}
  href="/course/1/task/1"
  onClick={[Function]}
  tabIndex={0}
>
  <div
    className="column-icon col-sm-1 col-2"
  >
    <i
      aria-label="homework icon"
      className="icon icon-lg icon-homework"
    />
  </div>
  <div
    className="title col-sm-6 col-10"
  >
    turn-key leverage content
  </div>
  <div
    className="feedback col-sm-3 col-5"
  >
    <span>
      <span
        className="tour-anchor"
        data-tour-anchor-id="assignment-progress-status"
      >
        2/3 answered
      </span>
    </span>
  </div>
  <div
    className="due-at col-sm-2 col-5"
  >
    <time>
      Oct 11, 7:00am
    </time>
  </div>
</a>
`;
