// Jest Snapshot v1, https://goo.gl/fbAQLP

exports[`Main navbar renders and matches snapshot 1`] = `
<nav
  className="tutor-top-navbar"
>
  <div
    className="tutor-nav-controls"
  >
    <div
      className="left-side-controls"
    >
      <a
        aria-label="dashboard"
        className="brand"
        href="/dashboard"
        onClick={[Function]}
      >
        <i
          className="ui-brand-logo"
        />
      </a>
    </div>
    <div
      className="right-side-controls"
    >
      <div
        className="support-menu dropdown btn-group"
      >
        <a
          aria-expanded={false}
          aria-haspopup={true}
          aria-label="Page tips and support"
          className="dropdown-toggle"
          href="#"
          id="support-menu"
          onClick={[Function]}
          onKeyDown={[Function]}
          role="button"
        >
          <div
            aria-labelledby="support-menu"
            className="tour-anchor"
            data-tour-anchor-id="support-menu-button"
            onSelect={[Function]}
          >
            <i
              className="tutor-icon fa fa-question-circle"
              role="presentation"
              type="question-circle"
            />
            <span
              className="control-label"
              title="Page tips and support"
            >
              Help
            </span>
            <i
              className="tutor-icon fa fa-angle-down toggle"
              role="presentation"
              type="angle-down"
            />
          </div>
        </a>
        <ul
          aria-labelledby="support-menu"
          className="dropdown-menu"
          role="menu"
        >
          <li
            className="-help-link"
            role="presentation"
            style={undefined}
          >
            <a
              href="https://openstax.secure.force.com/help"
              onClick={[Function]}
              onKeyDown={[Function]}
              role="menuitem"
              tabIndex="-1"
              target="_blank"
            >
              <span>
                Help Articles
              </span>
            </a>
          </li>
          <li
            className="support-document-link"
            role="presentation"
            style={undefined}
          >
            <a
              href="https://d3bxy9euw4e147.cloudfront.net/oscms-prodcms/media/documents/openstax_tutor_student_getting_started_guide.pdf"
              onClick={[Function]}
              onKeyDown={[Function]}
              role="menuitem"
              tabIndex="-1"
              target="_blank"
            >
              <div
                className="tour-anchor"
                data-tour-anchor-id="menu-support-document"
              >
                Getting Started Guide
              </div>
            </a>
          </li>
          <li
            className="-help-link"
            role="presentation"
            style={undefined}
          >
            <a
              href="/accessibility-statement/"
              onClick={[Function]}
              onKeyDown={[Function]}
              role="menuitem"
              tabIndex="-1"
            >
              <span>
                Accessibility Statement
              </span>
            </a>
          </li>
        </ul>
      </div>
      <div
        className="user-menu dropdown btn-group"
      >
        <a
          aria-expanded={false}
          aria-haspopup={true}
          aria-label="Account settings"
          className="dropdown-toggle"
          href="#"
          id="user-menu"
          onClick={[Function]}
          onKeyDown={[Function]}
          role="button"
        >
          <span
            className="initials"
          >
            
          </span>
        </a>
        <ul
          aria-labelledby="user-menu"
          className="dropdown-menu dropdown-menu-right"
          role="menu"
        >
          <li
            className="logout"
            role="presentation"
            style={undefined}
          >
            <a
              href="#"
              label="Log out"
              onClick={[Function]}
              onKeyDown={[Function]}
              role="menuitem"
              tabIndex="-1"
            >
              <form
                acceptCharset="UTF-8"
                action="/accounts/logout"
                className="-logout-form"
                method="post"
              >
                <input
                  name="_method"
                  type="hidden"
                  value="delete"
                />
                <input
                  name="authenticity_token"
                  type="hidden"
                  value={undefined}
                />
                <input
                  aria-label="Log out"
                  type="submit"
                  value="Log out"
                />
              </form>
            </a>
          </li>
        </ul>
      </div>
    </div>
  </div>
</nav>
`;
