// Jest Snapshot v1, https://goo.gl/fbAQLP

exports[`Biology2eAvailable matches snapshot 1`] = `
<div
  className="centered-wheel mini-notice biology2e-available"
>
  <div
    className="heading"
  >
    <i
      className="tutor-icon fa fa-bullhorn"
      role="presentation"
      type="bullhorn"
    />
    <div
      className="text"
    >
      OpenStax now uses Biology 2e! 
      <br />
      Courses using Biology 1e can no longer be copied.
    </div>
  </div>
  <div
    className="body"
  >
    Biology 2e has new assessments and improved art and explanations. Download our 
    <a
      className="external-icon"
      href="https://d3bxy9euw4e147.cloudfront.net/oscms-prodcms/media/documents/biology_2e_conversion_guide_-_digital.pdf"
      tabIndex={0}
      target="_blank"
    >
      transition guide
    </a>
     to see the key changes from the first edition of Biology to Biology 2e.
  </div>
  <div
    className="footer"
  >
    <button
      className="btn btn-primary"
      disabled={false}
      onClick={[Function]}
      type="button"
    >
      Create a Biology 2e course
    </button>
    <button
      className="btn btn-primary"
      disabled={false}
      onClick={[Function]}
      type="button"
    >
      Close
    </button>
  </div>
</div>
`;
